the function `f` expects at most 0 arguments at 2:29
(assert (let ((f true)) (f f)))
                            ^

