The last command was not `check-sat-assuming` that returned `unsat` at 5:2
(get-unsat-core)
 ^

