unexpected token when parsing command at 4:2
(x28)
 ^

