unexpected token when parsing command at 2:2
(bad)
 ^

