unexpected token when parsing command at 4:2
(bad)
 ^

