the identifier `f` shadows a global constant at 2:27
(declare-fun f (Bool) Bool)
                          ^

