assertions expect `Bool` got `S1` at 3:12
(assert (f true))
           ^

