the 0th argument of the function f has sort Bool but should have sort S1 at 3:16
(assert (f true))
               ^

