unknown identifier `f` at 1:12
(assert (f true))
           ^

