unsat
((and (f a) (not (f b))))
sat
((a (as @v3 S1))
 (b (as @v3 S1))
 (x false)
 ((f a) true)
 ((f b) true))
(
 (define-fun a () S1 (as @v3 S1))
 (define-fun b () S1 (as @v3 S1))
 (define-fun f ((x!0 S1)) Bool
  (ite (= x!0 (as @v3 S1)) true
   false))
 (define-fun x () Bool false)
)
sat
(
 (define-fun a () S1 (as @v3 S1))
 (define-fun b () S1 (as @v3 S1))
 (define-fun f ((x!0 S1)) Bool
  (ite (= x!0 (as @v3 S1)) false
   false))
 (define-fun x () Bool false)
)
((a (as @v3 S1))
 (b (as @v3 S1))
 (x false)
 ((f a) false)
 ((f b) false))
