sat
((i true)
 (x true)
 (y false)
 (o false))
(
 (define-fun i () Bool true)
 (define-fun o () Bool false)
 (define-fun x () Bool true)
 (define-fun y () Bool false)
)
sat
((i false)
 (x true)
 (y false)
 (o true)
 (a (as @v10 U))
 (b (as @v12 U)))
(
 (define-fun a () U (as @v10 U))
 (define-fun b () U (as @v12 U))
 (define-fun i () Bool false)
 (define-fun o () Bool true)
 (define-fun x () Bool true)
 (define-fun y () Bool false)
)
